
> mirrormates-frontend@1.0.0 build
> next build

Γû▓ Next.js 16.2.3 (Turbopack)
- Environments: .env

  Creating an optimized production build ...
Γ£ô Compiled successfully in 36.8s
  Running TypeScript ...
  Finished TypeScript in 61s ...
  Collecting page data using 3 workers ...
  Generating static pages using 3 workers (0/10) ...
  Generating static pages using 3 workers (2/10) 
  Generating static pages using 3 workers (4/10) 
  Generating static pages using 3 workers (7/10) 
Γ£ô Generating static pages using 3 workers (10/10) in 8.4s
  Finalizing page optimization ...

Route (app)
Γöî Γùï /
Γö£ Γùï /_not-found
Γö£ Γùï /dashboard
Γö£ Γùï /dashboard/account
Γö£ Γùï /forgot-password
Γö£ ╞Æ /invite/[token]
Γö£ Γùï /report/generate
Γö£ Γùï /reset-password
Γö£ ╞Æ /session/[id]
Γö£ ╞Æ /session/[id]/report
Γöö Γùï /verify


Γùï  (Static)   prerendered as static content
╞Æ  (Dynamic)  server-rendered on demand

